]0;/home/nick/Documents/arxiv-finder]0;nick@nick-B450-AORUS-PRO-WIFI: ~/Documents/arxiv-finder[01;32mnick@nick-B450-AORUS-PRO-WIFI[00m:[01;34m~/Documents/arxiv-finder[00m$ [K]0;nick@nick-B450-AORUS-PRO-WIFI: ~/Documents/arxiv-finder[01;32mnick@nick-B450-AORUS-PRO-WIFI[00m:[01;34m~/Documents/arxiv-finder[00m$ git status
fatal: Not a git repository (or any of the parent directories): .git
]0;/home/nick/Documents/arxiv-finder]0;nick@nick-B450-AORUS-PRO-WIFI: ~/Documents/arxiv-finder[01;32mnick@nick-B450-AORUS-PRO-WIFI[00m:[01;34m~/Documents/arxiv-finder[00m$ git pull https://github.com/n chaoFORR/paper-buddy.git
fatal: Not a git repository (or any of the parent directories): .git
]0;/home/nick/Documents/arxiv-finder]0;nick@nick-B450-AORUS-PRO-WIFI: ~/Documents/arxiv-finder[01;32mnick@nick-B450-AORUS-PRO-WIFI[00m:[01;34m~/Documents/arxiv-finder[00m$ git pull https://github.com/ncchaoFORR/paper-buddy.git
fatal: Not a git repository (or any of the parent directories): .git
]0;/home/nick/Documents/arxiv-finder]0;nick@nick-B450-AORUS-PRO-WIFI: ~/Documents/arxiv-finder[01;32mnick@nick-B450-AORUS-PRO-WIFI[00m:[01;34m~/Documents/arxiv-finder[00m$ git pull https://github.com/n chaoFORR/paper-buddy.git
fatal: Not a git repository (or any of the parent directories): .git
]0;/home/nick/Documents/arxiv-finder]0;nick@nick-B450-AORUS-PRO-WIFI: ~/Documents/arxiv-finder[01;32mnick@nick-B450-AORUS-PRO-WIFI[00m:[01;34m~/Documents/arxiv-finder[00m$ git init
Initialized empty Git repository in /home/nick/Documents/arxiv-finder/.git/
]0;/home/nick/Documents/arxiv-finder]0;nick@nick-B450-AORUS-PRO-WIFI: ~/Documents/arxiv-finder[01;32mnick@nick-B450-AORUS-PRO-WIFI[00m:[01;34m~/Documents/arxiv-finder[00m$ git initpull https://github.com/ncchaoFORR/paper-buddy.git
remote: Enumerating objects: 3, done.[K
remote: Counting objects:  33% (1/3)   [Kremote: Counting objects:  66% (2/3)   [Kremote: Counting objects: 100% (3/3)   [Kremote: Counting objects: 100% (3/3), done.[K
remote: Compressing objects:  50% (1/2)   [Kremote: Compressing objects: 100% (2/2)   [Kremote: Compressing objects: 100% (2/2), done.[K
remote: Total 3 (delta 0), reused 0 (delta 0), pack-reused 0[K
Unpacking objects:  33% (1/3)   Unpacking objects:  66% (2/3)   Unpacking objects: 100% (3/3)   Unpacking objects: 100% (3/3), done.
From https://github.com/nchaoFORR/paper-buddy
 * branch            HEAD       -> FETCH_HEAD
]0;/home/nick/Documents/arxiv-finder]0;nick@nick-B450-AORUS-PRO-WIFI: ~/Documents/arxiv-finder[01;32mnick@nick-B450-AORUS-PRO-WIFI[00m:[01;34m~/Documents/arxiv-finder[00m$ git status
On branch master
Untracked files:
  (use "git add <file>..." to include in what will be committed)

	[31m.Rproj.user/[m
	[31marxiv-finder.Rproj[m
	[31mdata/[m
	[31mpdfs/[m
	[31mscripts/[m

nothing added to commit but untracked files present (use "git add" to track)
]0;/home/nick/Documents/arxiv-finder]0;nick@nick-B450-AORUS-PRO-WIFI: ~/Documents/arxiv-finder[01;32mnick@nick-B450-AORUS-PRO-WIFI[00m:[01;34m~/Documents/arxiv-finder[00m$ git add .